// Jest Snapshot v1, https://goo.gl/fbAQLP

exports[`Card component should render properly 1`] = `
.c0 {
  display: -webkit-box;
  display: -webkit-flex;
  display: -ms-flexbox;
  display: flex;
  -webkit-box-pack: center;
  -webkit-justify-content: center;
  -ms-flex-pack: center;
  justify-content: center;
  -webkit-flex-direction: column;
  -ms-flex-direction: column;
  flex-direction: column;
  padding: 8px;
  border-radius: 4px;
  border: solid 1px #fff;
}

<div
  class="c0"
>
  Test
</div>
`;
