// Jest Snapshot v1, https://goo.gl/fbAQLP

exports[`Header component should render properly 1`] = `
.c0 {
  background-color: #141414;
  height: 170px;
  display: -webkit-box;
  display: -webkit-flex;
  display: -ms-flexbox;
  display: flex;
  -webkit-align-items: center;
  -webkit-box-align: center;
  -ms-flex-align: center;
  align-items: center;
  -webkit-box-pack: center;
  -webkit-justify-content: center;
  -ms-flex-pack: center;
  justify-content: center;
  box-sizing: border-box;
  grid-area: Header;
}

.c1 {
  background-size: contain;
  background-repeat: no-repeat;
  width: 293px;
  height: 100px;
  background-image: url('https://static-mh.content.disney.io/starwars/assets/navigation/sw_logo_stacked-336c62367939.png');
}

@media (max-width:414px) {
  .c0 {
    height: 90px;
  }
}

@media (max-width:414px) {
  .c1 {
    width: 235px;
    height: 25px;
    background-image: url('https://static-mh.content.disney.io/starwars/assets/navigation/sw_logo_horiz@2x-f98247cb30aa.png');
  }
}

<header
  class="c0"
>
  <a
    alt="logo"
    class="c1"
    href="/"
  />
</header>
`;
